Archive member included to satisfy reference by file (symbol)

c:/st/stm32cubeide_1.1.0/stm32cubeide/plugins/com.st.stm32cube.ide.mcu.externaltools.gnu-tools-for-stm32.7-2018-q2-update.win32_1.4.0.202007081208/tools/bin/../lib/gcc/arm-none-eabi/7.3.1/../../../../arm-none-eabi/lib/thumb/v7e-m/fpv4-sp/hard\libc_nano.a(lib_a-errno.o)
                              Core/Src/syscalls.o (__errno)
c:/st/stm32cubeide_1.1.0/stm32cubeide/plugins/com.st.stm32cube.ide.mcu.externaltools.gnu-tools-for-stm32.7-2018-q2-update.win32_1.4.0.202007081208/tools/bin/../lib/gcc/arm-none-eabi/7.3.1/../../../../arm-none-eabi/lib/thumb/v7e-m/fpv4-sp/hard\libc_nano.a(lib_a-exit.o)
                              c:/st/stm32cubeide_1.1.0/stm32cubeide/plugins/com.st.stm32cube.ide.mcu.externaltools.gnu-tools-for-stm32.7-2018-q2-update.win32_1.4.0.202007081208/tools/bin/../lib/gcc/arm-none-eabi/7.3.1/../../../../arm-none-eabi/lib/thumb/v7e-m/fpv4-sp/hard/crt0.o (exit)
c:/st/stm32cubeide_1.1.0/stm32cubeide/plugins/com.st.stm32cube.ide.mcu.externaltools.gnu-tools-for-stm32.7-2018-q2-update.win32_1.4.0.202007081208/tools/bin/../lib/gcc/arm-none-eabi/7.3.1/../../../../arm-none-eabi/lib/thumb/v7e-m/fpv4-sp/hard\libc_nano.a(lib_a-impure.o)
                              c:/st/stm32cubeide_1.1.0/stm32cubeide/plugins/com.st.stm32cube.ide.mcu.externaltools.gnu-tools-for-stm32.7-2018-q2-update.win32_1.4.0.202007081208/tools/bin/../lib/gcc/arm-none-eabi/7.3.1/../../../../arm-none-eabi/lib/thumb/v7e-m/fpv4-sp/hard\libc_nano.a(lib_a-exit.o) (_global_impure_ptr)
c:/st/stm32cubeide_1.1.0/stm32cubeide/plugins/com.st.stm32cube.ide.mcu.externaltools.gnu-tools-for-stm32.7-2018-q2-update.win32_1.4.0.202007081208/tools/bin/../lib/gcc/arm-none-eabi/7.3.1/../../../../arm-none-eabi/lib/thumb/v7e-m/fpv4-sp/hard\libc_nano.a(lib_a-init.o)
                              c:/st/stm32cubeide_1.1.0/stm32cubeide/plugins/com.st.stm32cube.ide.mcu.externaltools.gnu-tools-for-stm32.7-2018-q2-update.win32_1.4.0.202007081208/tools/bin/../lib/gcc/arm-none-eabi/7.3.1/../../../../arm-none-eabi/lib/thumb/v7e-m/fpv4-sp/hard/crt0.o (__libc_init_array)
c:/st/stm32cubeide_1.1.0/stm32cubeide/plugins/com.st.stm32cube.ide.mcu.externaltools.gnu-tools-for-stm32.7-2018-q2-update.win32_1.4.0.202007081208/tools/bin/../lib/gcc/arm-none-eabi/7.3.1/../../../../arm-none-eabi/lib/thumb/v7e-m/fpv4-sp/hard\libc_nano.a(lib_a-memset.o)
                              c:/st/stm32cubeide_1.1.0/stm32cubeide/plugins/com.st.stm32cube.ide.mcu.externaltools.gnu-tools-for-stm32.7-2018-q2-update.win32_1.4.0.202007081208/tools/bin/../lib/gcc/arm-none-eabi/7.3.1/../../../../arm-none-eabi/lib/thumb/v7e-m/fpv4-sp/hard/crt0.o (memset)
c:/st/stm32cubeide_1.1.0/stm32cubeide/plugins/com.st.stm32cube.ide.mcu.externaltools.gnu-tools-for-stm32.7-2018-q2-update.win32_1.4.0.202007081208/tools/bin/../lib/gcc/arm-none-eabi/7.3.1/thumb/v7e-m/fpv4-sp/hard\libgcc.a(_aeabi_uldivmod.o)
                              Drivers/STM32L4xx_HAL_Driver/Src/stm32l4xx_hal_uart.o (__aeabi_uldivmod)
c:/st/stm32cubeide_1.1.0/stm32cubeide/plugins/com.st.stm32cube.ide.mcu.externaltools.gnu-tools-for-stm32.7-2018-q2-update.win32_1.4.0.202007081208/tools/bin/../lib/gcc/arm-none-eabi/7.3.1/thumb/v7e-m/fpv4-sp/hard\libgcc.a(_udivmoddi4.o)
                              c:/st/stm32cubeide_1.1.0/stm32cubeide/plugins/com.st.stm32cube.ide.mcu.externaltools.gnu-tools-for-stm32.7-2018-q2-update.win32_1.4.0.202007081208/tools/bin/../lib/gcc/arm-none-eabi/7.3.1/thumb/v7e-m/fpv4-sp/hard\libgcc.a(_aeabi_uldivmod.o) (__udivmoddi4)
c:/st/stm32cubeide_1.1.0/stm32cubeide/plugins/com.st.stm32cube.ide.mcu.externaltools.gnu-tools-for-stm32.7-2018-q2-update.win32_1.4.0.202007081208/tools/bin/../lib/gcc/arm-none-eabi/7.3.1/thumb/v7e-m/fpv4-sp/hard\libgcc.a(_dvmd_tls.o)
                              c:/st/stm32cubeide_1.1.0/stm32cubeide/plugins/com.st.stm32cube.ide.mcu.externaltools.gnu-tools-for-stm32.7-2018-q2-update.win32_1.4.0.202007081208/tools/bin/../lib/gcc/arm-none-eabi/7.3.1/thumb/v7e-m/fpv4-sp/hard\libgcc.a(_aeabi_uldivmod.o) (__aeabi_ldiv0)

Allocating common symbols
Common symbol       size              file

TaskSchedulerTick   0x2               Core/Src/TaskScheduler.o
uwTick              0x4               Drivers/STM32L4xx_HAL_Driver/Src/stm32l4xx_hal.o
htim3               0x4c              Core/Src/InputsHandler.o
hadc1               0x64              Core/Src/InputsHandler.o
Tasks_elapsed_times
                    0x2               Core/Src/TaskScheduler.o
hdma_adc1           0x48              Core/Src/InputsHandler.o
htim1               0x4c              Core/Src/InputsHandler.o
htim2               0x4c              Core/Src/InputsHandler.o
Adc_Measurements    0x4               Core/Src/InputsHandler.o
huart2              0x80              Core/Src/InputsHandler.o

Discarded input sections

[...]
Memory Configuration

Name             Origin             Length             Attributes
RAM              0x0000000020000000 0x0000000000018000 xrw
RAM2             0x0000000010000000 0x0000000000008000 xrw
FLASH            0x0000000008000000 0x0000000000100000 xr
*default*        0x0000000000000000 0xffffffffffffffff

Linker script and memory map

LOAD c:/st/stm32cubeide_1.1.0/stm32cubeide/plugins/com.st.stm32cube.ide.mcu.externaltools.gnu-tools-for-stm32.7-2018-q2-update.win32_1.4.0.202007081208/tools/bin/../lib/gcc/arm-none-eabi/7.3.1/thumb/v7e-m/fpv4-sp/hard/crti.o
LOAD c:/st/stm32cubeide_1.1.0/stm32cubeide/plugins/com.st.stm32cube.ide.mcu.externaltools.gnu-tools-for-stm32.7-2018-q2-update.win32_1.4.0.202007081208/tools/bin/../lib/gcc/arm-none-eabi/7.3.1/thumb/v7e-m/fpv4-sp/hard/crtbegin.o
LOAD c:/st/stm32cubeide_1.1.0/stm32cubeide/plugins/com.st.stm32cube.ide.mcu.externaltools.gnu-tools-for-stm32.7-2018-q2-update.win32_1.4.0.202007081208/tools/bin/../lib/gcc/arm-none-eabi/7.3.1/../../../../arm-none-eabi/lib/thumb/v7e-m/fpv4-sp/hard/crt0.o
LOAD Core/Src/InputsHandler.o
LOAD Core/Src/MotorController.o
LOAD Core/Src/TaskScheduler.o
LOAD Core/Src/main.o
LOAD Core/Src/stm32l4xx_hal_msp.o
LOAD Core/Src/stm32l4xx_it.o
LOAD Core/Src/syscalls.o
LOAD Core/Src/sysmem.o
LOAD Core/Src/system_stm32l4xx.o
LOAD Core/Startup/startup_stm32l476rgtx.o
LOAD Drivers/STM32L4xx_HAL_Driver/Src/stm32l4xx_hal.o
LOAD Drivers/STM32L4xx_HAL_Driver/Src/stm32l4xx_hal_adc.o
LOAD Drivers/STM32L4xx_HAL_Driver/Src/stm32l4xx_hal_adc_ex.o
LOAD Drivers/STM32L4xx_HAL_Driver/Src/stm32l4xx_hal_cortex.o
LOAD Drivers/STM32L4xx_HAL_Driver/Src/stm32l4xx_hal_dma.o
LOAD Drivers/STM32L4xx_HAL_Driver/Src/stm32l4xx_hal_dma_ex.o
LOAD Drivers/STM32L4xx_HAL_Driver/Src/stm32l4xx_hal_exti.o
LOAD Drivers/STM32L4xx_HAL_Driver/Src/stm32l4xx_hal_flash.o
LOAD Drivers/STM32L4xx_HAL_Driver/Src/stm32l4xx_hal_flash_ex.o
LOAD Drivers/STM32L4xx_HAL_Driver/Src/stm32l4xx_hal_flash_ramfunc.o
LOAD Drivers/STM32L4xx_HAL_Driver/Src/stm32l4xx_hal_gpio.o
LOAD Drivers/STM32L4xx_HAL_Driver/Src/stm32l4xx_hal_i2c.o
LOAD Drivers/STM32L4xx_HAL_Driver/Src/stm32l4xx_hal_i2c_ex.o
LOAD Drivers/STM32L4xx_HAL_Driver/Src/stm32l4xx_hal_pwr.o
LOAD Drivers/STM32L4xx_HAL_Driver/Src/stm32l4xx_hal_pwr_ex.o
LOAD Drivers/STM32L4xx_HAL_Driver/Src/stm32l4xx_hal_rcc.o
LOAD Drivers/STM32L4xx_HAL_Driver/Src/stm32l4xx_hal_rcc_ex.o
LOAD Drivers/STM32L4xx_HAL_Driver/Src/stm32l4xx_hal_tim.o
LOAD Drivers/STM32L4xx_HAL_Driver/Src/stm32l4xx_hal_tim_ex.o
LOAD Drivers/STM32L4xx_HAL_Driver/Src/stm32l4xx_hal_uart.o
LOAD Drivers/STM32L4xx_HAL_Driver/Src/stm32l4xx_hal_uart_ex.o
START GROUP
LOAD c:/st/stm32cubeide_1.1.0/stm32cubeide/plugins/com.st.stm32cube.ide.mcu.externaltools.gnu-tools-for-stm32.7-2018-q2-update.win32_1.4.0.202007081208/tools/bin/../lib/gcc/arm-none-eabi/7.3.1/../../../../arm-none-eabi/lib/thumb/v7e-m/fpv4-sp/hard\libc_nano.a
LOAD c:/st/stm32cubeide_1.1.0/stm32cubeide/plugins/com.st.stm32cube.ide.mcu.externaltools.gnu-tools-for-stm32.7-2018-q2-update.win32_1.4.0.202007081208/tools/bin/../lib/gcc/arm-none-eabi/7.3.1/../../../../arm-none-eabi/lib/thumb/v7e-m/fpv4-sp/hard\libm.a
END GROUP
START GROUP
LOAD c:/st/stm32cubeide_1.1.0/stm32cubeide/plugins/com.st.stm32cube.ide.mcu.externaltools.gnu-tools-for-stm32.7-2018-q2-update.win32_1.4.0.202007081208/tools/bin/../lib/gcc/arm-none-eabi/7.3.1/thumb/v7e-m/fpv4-sp/hard\libgcc.a
LOAD c:/st/stm32cubeide_1.1.0/stm32cubeide/plugins/com.st.stm32cube.ide.mcu.externaltools.gnu-tools-for-stm32.7-2018-q2-update.win32_1.4.0.202007081208/tools/bin/../lib/gcc/arm-none-eabi/7.3.1/../../../../arm-none-eabi/lib/thumb/v7e-m/fpv4-sp/hard\libc_nano.a
END GROUP
START GROUP
LOAD c:/st/stm32cubeide_1.1.0/stm32cubeide/plugins/com.st.stm32cube.ide.mcu.externaltools.gnu-tools-for-stm32.7-2018-q2-update.win32_1.4.0.202007081208/tools/bin/../lib/gcc/arm-none-eabi/7.3.1/thumb/v7e-m/fpv4-sp/hard\libgcc.a
LOAD c:/st/stm32cubeide_1.1.0/stm32cubeide/plugins/com.st.stm32cube.ide.mcu.externaltools.gnu-tools-for-stm32.7-2018-q2-update.win32_1.4.0.202007081208/tools/bin/../lib/gcc/arm-none-eabi/7.3.1/../../../../arm-none-eabi/lib/thumb/v7e-m/fpv4-sp/hard\libc_nano.a
LOAD c:/st/stm32cubeide_1.1.0/stm32cubeide/plugins/com.st.stm32cube.ide.mcu.externaltools.gnu-tools-for-stm32.7-2018-q2-update.win32_1.4.0.202007081208/tools/bin/../lib/gcc/arm-none-eabi/7.3.1/../../../../arm-none-eabi/lib/thumb/v7e-m/fpv4-sp/hard\libnosys.a
END GROUP
START GROUP
LOAD c:/st/stm32cubeide_1.1.0/stm32cubeide/plugins/com.st.stm32cube.ide.mcu.externaltools.gnu-tools-for-stm32.7-2018-q2-update.win32_1.4.0.202007081208/tools/bin/../lib/gcc/arm-none-eabi/7.3.1/thumb/v7e-m/fpv4-sp/hard\libgcc.a
LOAD c:/st/stm32cubeide_1.1.0/stm32cubeide/plugins/com.st.stm32cube.ide.mcu.externaltools.gnu-tools-for-stm32.7-2018-q2-update.win32_1.4.0.202007081208/tools/bin/../lib/gcc/arm-none-eabi/7.3.1/../../../../arm-none-eabi/lib/thumb/v7e-m/fpv4-sp/hard\libc_nano.a
LOAD c:/st/stm32cubeide_1.1.0/stm32cubeide/plugins/com.st.stm32cube.ide.mcu.externaltools.gnu-tools-for-stm32.7-2018-q2-update.win32_1.4.0.202007081208/tools/bin/../lib/gcc/arm-none-eabi/7.3.1/../../../../arm-none-eabi/lib/thumb/v7e-m/fpv4-sp/hard\libnosys.a
END GROUP
LOAD c:/st/stm32cubeide_1.1.0/stm32cubeide/plugins/com.st.stm32cube.ide.mcu.externaltools.gnu-tools-for-stm32.7-2018-q2-update.win32_1.4.0.202007081208/tools/bin/../lib/gcc/arm-none-eabi/7.3.1/thumb/v7e-m/fpv4-sp/hard/crtend.o
LOAD c:/st/stm32cubeide_1.1.0/stm32cubeide/plugins/com.st.stm32cube.ide.mcu.externaltools.gnu-tools-for-stm32.7-2018-q2-update.win32_1.4.0.202007081208/tools/bin/../lib/gcc/arm-none-eabi/7.3.1/thumb/v7e-m/fpv4-sp/hard/crtn.o
                0x0000000020018000                _estack = (ORIGIN (RAM) + LENGTH (RAM))
                0x0000000000000200                _Min_Heap_Size = 0x200
                0x0000000000000400                _Min_Stack_Size = 0x400

.isr_vector     0x0000000008000000      0x188
                0x0000000008000000                . = ALIGN (0x4)
 *(.isr_vector)
 .isr_vector    0x0000000008000000      0x188 Core/Startup/startup_stm32l476rgtx.o
                0x0000000008000000                g_pfnVectors
                0x0000000008000188                . = ALIGN (0x4)

.text           0x0000000008000188     0x5f94
                0x0000000008000188                . = ALIGN (0x4)
 *(.text)
 .text          0x0000000008000188       0x40 c:/st/stm32cubeide_1.1.0/stm32cubeide/plugins/com.st.stm32cube.ide.mcu.externaltools.gnu-tools-for-stm32.7-2018-q2-update.win32_1.4.0.202007081208/tools/bin/../lib/gcc/arm-none-eabi/7.3.1/thumb/v7e-m/fpv4-sp/hard/crtbegin.o
 .text          0x00000000080001c8       0x30 c:/st/stm32cubeide_1.1.0/stm32cubeide/plugins/com.st.stm32cube.ide.mcu.externaltools.gnu-tools-for-stm32.7-2018-q2-update.win32_1.4.0.202007081208/tools/bin/../lib/gcc/arm-none-eabi/7.3.1/thumb/v7e-m/fpv4-sp/hard\libgcc.a(_aeabi_uldivmod.o)
                0x00000000080001c8                __aeabi_uldivmod
 .text          0x00000000080001f8      0x2cc c:/st/stm32cubeide_1.1.0/stm32cubeide/plugins/com.st.stm32cube.ide.mcu.externaltools.gnu-tools-for-stm32.7-2018-q2-update.win32_1.4.0.202007081208/tools/bin/../lib/gcc/arm-none-eabi/7.3.1/thumb/v7e-m/fpv4-sp/hard\libgcc.a(_udivmoddi4.o)
                0x00000000080001f8                __udivmoddi4
 .text          0x00000000080004c4        0x4 c:/st/stm32cubeide_1.1.0/stm32cubeide/plugins/com.st.stm32cube.ide.mcu.externaltools.gnu-tools-for-stm32.7-2018-q2-update.win32_1.4.0.202007081208/tools/bin/../lib/gcc/arm-none-eabi/7.3.1/thumb/v7e-m/fpv4-sp/hard\libgcc.a(_dvmd_tls.o)
                0x00000000080004c4                __aeabi_idiv0
                0x00000000080004c4                __aeabi_ldiv0
 *(.text*)
 .text.InputsHandler_Start
                0x00000000080004c8       0x1c Core/Src/InputsHandler.o
                0x00000000080004c8                InputsHandler_Start
 .text.InputsHandler_Task
                0x00000000080004e4       0x90 Core/Src/InputsHandler.o
                0x00000000080004e4                InputsHandler_Task
 .text.MotorController_Start
                0x0000000008000574       0x3c Core/Src/MotorController.o
                0x0000000008000574                MotorController_Start
 .text.MotorController_Stop
                0x00000000080005b0       0x34 Core/Src/MotorController.o
                0x00000000080005b0                MotorController_Stop
 .text.MotorController_Change_Direction
                0x00000000080005e4       0x2c Core/Src/MotorController.o
                0x00000000080005e4                MotorController_Change_Direction
 .text.MotorController_Set_Driver_Mode
                0x0000000008000610       0x24 Core/Src/MotorController.o
 .text.MotorController_Set_Direction
                0x0000000008000634       0x22 Core/Src/MotorController.o
 *fill*         0x0000000008000656        0x2 
 .text.MotorController_Set_PWM
                0x0000000008000658       0x30 Core/Src/MotorController.o
 .text.TaskScheduler_Start
                0x0000000008000688       0x14 Core/Src/TaskScheduler.o
                0x0000000008000688                TaskScheduler_Start
 .text.TaskScheduler_Tick
                0x000000000800069c       0x20 Core/Src/TaskScheduler.o
                0x000000000800069c                TaskScheduler_Tick
 .text.TaskScheduler_Run
                0x00000000080006bc       0x94 Core/Src/TaskScheduler.o
                0x00000000080006bc                TaskScheduler_Run
 .text.main     0x0000000008000750       0x32 Core/Src/main.o
                0x0000000008000750                main
 .text.SystemClock_Config
                0x0000000008000782      0x110 Core/Src/main.o
                0x0000000008000782                SystemClock_Config
 *fill*         0x0000000008000892        0x2 
 .text.MX_ADC1_Init
                0x0000000008000894      0x10c Core/Src/main.o
 .text.MX_TIM2_Init
                0x00000000080009a0       0xac Core/Src/main.o
 .text.MX_TIM3_Init
                0x0000000008000a4c       0xb4 Core/Src/main.o
 .text.MX_USART2_UART_Init
                0x0000000008000b00       0x60 Core/Src/main.o
 .text.MX_DMA_Init
                0x0000000008000b60       0x3c Core/Src/main.o
 .text.MX_GPIO_Init
                0x0000000008000b9c       0xfc Core/Src/main.o
 .text.Error_Handler
                0x0000000008000c98        0xe Core/Src/main.o
                0x0000000008000c98                Error_Handler
 *fill*         0x0000000008000ca6        0x2 
 .text.HAL_MspInit
                0x0000000008000ca8       0x48 Core/Src/stm32l4xx_hal_msp.o
                0x0000000008000ca8                HAL_MspInit
 .text.HAL_ADC_MspInit
                0x0000000008000cf0       0xdc Core/Src/stm32l4xx_hal_msp.o
                0x0000000008000cf0                HAL_ADC_MspInit
 .text.HAL_TIM_OC_MspInit
                0x0000000008000dcc       0x48 Core/Src/stm32l4xx_hal_msp.o
                0x0000000008000dcc                HAL_TIM_OC_MspInit
 .text.HAL_TIM_PWM_MspInit
                0x0000000008000e14       0x40 Core/Src/stm32l4xx_hal_msp.o
                0x0000000008000e14                HAL_TIM_PWM_MspInit
 .text.HAL_TIM_MspPostInit
                0x0000000008000e54       0x70 Core/Src/stm32l4xx_hal_msp.o
                0x0000000008000e54                HAL_TIM_MspPostInit
 .text.HAL_UART_MspInit
                0x0000000008000ec4       0x84 Core/Src/stm32l4xx_hal_msp.o
                0x0000000008000ec4                HAL_UART_MspInit
 .text.NMI_Handler
                0x0000000008000f48        0xe Core/Src/stm32l4xx_it.o
                0x0000000008000f48                NMI_Handler
 .text.HardFault_Handler
                0x0000000008000f56        0x6 Core/Src/stm32l4xx_it.o
                0x0000000008000f56                HardFault_Handler
 .text.MemManage_Handler
                0x0000000008000f5c        0x6 Core/Src/stm32l4xx_it.o
                0x0000000008000f5c                MemManage_Handler
 .text.BusFault_Handler
                0x0000000008000f62        0x6 Core/Src/stm32l4xx_it.o
                0x0000000008000f62                BusFault_Handler
 .text.UsageFault_Handler
                0x0000000008000f68        0x6 Core/Src/stm32l4xx_it.o
                0x0000000008000f68                UsageFault_Handler
 .text.SVC_Handler
                0x0000000008000f6e        0xe Core/Src/stm32l4xx_it.o
                0x0000000008000f6e                SVC_Handler
 .text.DebugMon_Handler
                0x0000000008000f7c        0xe Core/Src/stm32l4xx_it.o
                0x0000000008000f7c                DebugMon_Handler
 .text.PendSV_Handler
                0x0000000008000f8a        0xe Core/Src/stm32l4xx_it.o
                0x0000000008000f8a                PendSV_Handler
 .text.SysTick_Handler
                0x0000000008000f98        0xc Core/Src/stm32l4xx_it.o
                0x0000000008000f98                SysTick_Handler
 .text.DMA1_Channel1_IRQHandler
                0x0000000008000fa4       0x14 Core/Src/stm32l4xx_it.o
                0x0000000008000fa4                DMA1_Channel1_IRQHandler
 .text.TIM2_IRQHandler
                0x0000000008000fb8       0x18 Core/Src/stm32l4xx_it.o
                0x0000000008000fb8                TIM2_IRQHandler
 .text.SystemInit
                0x0000000008000fd0       0x6c Core/Src/system_stm32l4xx.o
                0x0000000008000fd0                SystemInit
 .text.Reset_Handler
                0x000000000800103c       0x50 Core/Startup/startup_stm32l476rgtx.o
                0x000000000800103c                Reset_Handler
 .text.Default_Handler
                0x000000000800108c        0x2 Core/Startup/startup_stm32l476rgtx.o
                0x000000000800108c                RTC_Alarm_IRQHandler
                0x000000000800108c                EXTI2_IRQHandler
                0x000000000800108c                TIM8_TRG_COM_IRQHandler
                0x000000000800108c                TIM8_CC_IRQHandler
                0x000000000800108c                TIM1_CC_IRQHandler
                0x000000000800108c                TSC_IRQHandler
                0x000000000800108c                TAMP_STAMP_IRQHandler
                0x000000000800108c                EXTI3_IRQHandler
                0x000000000800108c                LPTIM2_IRQHandler
                0x000000000800108c                DFSDM1_FLT1_IRQHandler
                0x000000000800108c                I2C3_ER_IRQHandler
                0x000000000800108c                DFSDM1_FLT2_IRQHandler
                0x000000000800108c                EXTI0_IRQHandler
                0x000000000800108c                I2C2_EV_IRQHandler
                0x000000000800108c                CAN1_RX0_IRQHandler
                0x000000000800108c                FPU_IRQHandler
                0x000000000800108c                TIM1_UP_TIM16_IRQHandler
                0x000000000800108c                ADC1_2_IRQHandler
                0x000000000800108c                SPI1_IRQHandler
                0x000000000800108c                TIM6_DAC_IRQHandler
                0x000000000800108c                TIM8_UP_IRQHandler
                0x000000000800108c                DMA2_Channel2_IRQHandler
                0x000000000800108c                DMA1_Channel4_IRQHandler
                0x000000000800108c                SAI2_IRQHandler
                0x000000000800108c                DFSDM1_FLT3_IRQHandler
                0x000000000800108c                USART3_IRQHandler
                0x000000000800108c                DMA1_Channel7_IRQHandler
                0x000000000800108c                CAN1_RX1_IRQHandler
                0x000000000800108c                LCD_IRQHandler
                0x000000000800108c                UART5_IRQHandler
                0x000000000800108c                ADC3_IRQHandler
                0x000000000800108c                TIM4_IRQHandler
                0x000000000800108c                DMA2_Channel1_IRQHandler
                0x000000000800108c                QUADSPI_IRQHandler
                0x000000000800108c                I2C1_EV_IRQHandler
                0x000000000800108c                DMA1_Channel6_IRQHandler
                0x000000000800108c                UART4_IRQHandler
                0x000000000800108c                DMA2_Channel4_IRQHandler
                0x000000000800108c                TIM3_IRQHandler
                0x000000000800108c                RCC_IRQHandler
                0x000000000800108c                Default_Handler
                0x000000000800108c                DMA2_Channel7_IRQHandler
                0x000000000800108c                EXTI15_10_IRQHandler
                0x000000000800108c                TIM7_IRQHandler
                0x000000000800108c                SDMMC1_IRQHandler
                0x000000000800108c                TIM5_IRQHandler
                0x000000000800108c                I2C3_EV_IRQHandler
                0x000000000800108c                EXTI9_5_IRQHandler
                0x000000000800108c                RTC_WKUP_IRQHandler
                0x000000000800108c                PVD_PVM_IRQHandler
                0x000000000800108c                SPI2_IRQHandler
                0x000000000800108c                CAN1_TX_IRQHandler
                0x000000000800108c                DMA2_Channel5_IRQHandler
                0x000000000800108c                DMA1_Channel5_IRQHandler
                0x000000000800108c                EXTI4_IRQHandler
                0x000000000800108c                RNG_IRQHandler
                0x000000000800108c                TIM1_TRG_COM_TIM17_IRQHandler
                0x000000000800108c                DMA1_Channel3_IRQHandler
                0x000000000800108c                COMP_IRQHandler
                0x000000000800108c                WWDG_IRQHandler
                0x000000000800108c                LPUART1_IRQHandler
                0x000000000800108c                DMA2_Channel6_IRQHandler
                0x000000000800108c                EXTI1_IRQHandler
                0x000000000800108c                USART2_IRQHandler
                0x000000000800108c                DFSDM1_FLT0_IRQHandler
                0x000000000800108c                I2C2_ER_IRQHandler
                0x000000000800108c                DMA1_Channel2_IRQHandler
                0x000000000800108c                TIM8_BRK_IRQHandler
                0x000000000800108c                CAN1_SCE_IRQHandler
                0x000000000800108c                FLASH_IRQHandler
                0x000000000800108c                USART1_IRQHandler
                0x000000000800108c                OTG_FS_IRQHandler
                0x000000000800108c                SPI3_IRQHandler
                0x000000000800108c                I2C1_ER_IRQHandler
                0x000000000800108c                FMC_IRQHandler
                0x000000000800108c                SWPMI1_IRQHandler
                0x000000000800108c                LPTIM1_IRQHandler
                0x000000000800108c                SAI1_IRQHandler
                0x000000000800108c                DMA2_Channel3_IRQHandler
                0x000000000800108c                TIM1_BRK_TIM15_IRQHandler
 *fill*         0x000000000800108e        0x2 
 .text.HAL_Init
                0x0000000008001090       0x40 Drivers/STM32L4xx_HAL_Driver/Src/stm32l4xx_hal.o
                0x0000000008001090                HAL_Init
 .text.HAL_InitTick
                0x00000000080010d0       0x78 Drivers/STM32L4xx_HAL_Driver/Src/stm32l4xx_hal.o
                0x00000000080010d0                HAL_InitTick
 .text.HAL_IncTick
                0x0000000008001148       0x28 Drivers/STM32L4xx_HAL_Driver/Src/stm32l4xx_hal.o
                0x0000000008001148                HAL_IncTick
 .text.HAL_GetTick
                0x0000000008001170       0x18 Drivers/STM32L4xx_HAL_Driver/Src/stm32l4xx_hal.o
                0x0000000008001170                HAL_GetTick
 .text.LL_ADC_SetCommonClock
                0x0000000008001188       0x26 Drivers/STM32L4xx_HAL_Driver/Src/stm32l4xx_hal_adc.o
 .text.LL_ADC_SetCommonPathInternalCh
                0x00000000080011ae       0x26 Drivers/STM32L4xx_HAL_Driver/Src/stm32l4xx_hal_adc.o
 .text.LL_ADC_GetCommonPathInternalCh
                0x00000000080011d4       0x1c Drivers/STM32L4xx_HAL_Driver/Src/stm32l4xx_hal_adc.o
 .text.LL_ADC_SetOffset
                0x00000000080011f0       0x48 Drivers/STM32L4xx_HAL_Driver/Src/stm32l4xx_hal_adc.o
 .text.LL_ADC_GetOffsetChannel
                0x0000000008001238       0x2c Drivers/STM32L4xx_HAL_Driver/Src/stm32l4xx_hal_adc.o
 .text.LL_ADC_SetOffsetState
                0x0000000008001264       0x36 Drivers/STM32L4xx_HAL_Driver/Src/stm32l4xx_hal_adc.o
 .text.LL_ADC_REG_IsTriggerSourceSWStart
                0x000000000800129a       0x26 Drivers/STM32L4xx_HAL_Driver/Src/stm32l4xx_hal_adc.o
 .text.LL_ADC_REG_SetSequencerRanks
                0x00000000080012c0       0x58 Drivers/STM32L4xx_HAL_Driver/Src/stm32l4xx_hal_adc.o
 .text.LL_ADC_SetChannelSamplingTime
                0x0000000008001318       0x56 Drivers/STM32L4xx_HAL_Driver/Src/stm32l4xx_hal_adc.o
 *fill*         0x000000000800136e        0x2 
 .text.LL_ADC_SetChannelSingleDiff
                0x0000000008001370       0x48 Drivers/STM32L4xx_HAL_Driver/Src/stm32l4xx_hal_adc.o
 .text.LL_ADC_GetMultimode
                0x00000000080013b8       0x1c Drivers/STM32L4xx_HAL_Driver/Src/stm32l4xx_hal_adc.o
 .text.LL_ADC_DisableDeepPowerDown
                0x00000000080013d4       0x24 Drivers/STM32L4xx_HAL_Driver/Src/stm32l4xx_hal_adc.o
 .text.LL_ADC_IsDeepPowerDownEnabled
                0x00000000080013f8       0x28 Drivers/STM32L4xx_HAL_Driver/Src/stm32l4xx_hal_adc.o
 .text.LL_ADC_EnableInternalRegulator
                0x0000000008001420       0x28 Drivers/STM32L4xx_HAL_Driver/Src/stm32l4xx_hal_adc.o
 .text.LL_ADC_IsInternalRegulatorEnabled
                0x0000000008001448       0x28 Drivers/STM32L4xx_HAL_Driver/Src/stm32l4xx_hal_adc.o
 .text.LL_ADC_Enable
                0x0000000008001470       0x28 Drivers/STM32L4xx_HAL_Driver/Src/stm32l4xx_hal_adc.o
 .text.LL_ADC_IsEnabled
                0x0000000008001498       0x26 Drivers/STM32L4xx_HAL_Driver/Src/stm32l4xx_hal_adc.o
 .text.LL_ADC_REG_StartConversion
                0x00000000080014be       0x28 Drivers/STM32L4xx_HAL_Driver/Src/stm32l4xx_hal_adc.o
 .text.LL_ADC_REG_IsConversionOngoing
                0x00000000080014e6       0x26 Drivers/STM32L4xx_HAL_Driver/Src/stm32l4xx_hal_adc.o
 .text.LL_ADC_INJ_IsConversionOngoing
                0x000000000800150c       0x26 Drivers/STM32L4xx_HAL_Driver/Src/stm32l4xx_hal_adc.o
 *fill*         0x0000000008001532        0x2 
 .text.HAL_ADC_Init
                0x0000000008001534      0x2a8 Drivers/STM32L4xx_HAL_Driver/Src/stm32l4xx_hal_adc.o
                0x0000000008001534                HAL_ADC_Init
 .text.HAL_ADC_Start_DMA
                0x00000000080017dc      0x168 Drivers/STM32L4xx_HAL_Driver/Src/stm32l4xx_hal_adc.o
                0x00000000080017dc                HAL_ADC_Start_DMA
 .text.HAL_ADC_ConvCpltCallback
                0x0000000008001944       0x14 Drivers/STM32L4xx_HAL_Driver/Src/stm32l4xx_hal_adc.o
                0x0000000008001944                HAL_ADC_ConvCpltCallback
 .text.HAL_ADC_ConvHalfCpltCallback
                0x0000000008001958       0x14 Drivers/STM32L4xx_HAL_Driver/Src/stm32l4xx_hal_adc.o
                0x0000000008001958                HAL_ADC_ConvHalfCpltCallback
 .text.HAL_ADC_ErrorCallback
                0x000000000800196c       0x14 Drivers/STM32L4xx_HAL_Driver/Src/stm32l4xx_hal_adc.o
                0x000000000800196c                HAL_ADC_ErrorCallback
 .text.HAL_ADC_ConfigChannel
                0x0000000008001980      0x7dc Drivers/STM32L4xx_HAL_Driver/Src/stm32l4xx_hal_adc.o
                0x0000000008001980                HAL_ADC_ConfigChannel
 .text.ADC_Enable
                0x000000000800215c       0xb4 Drivers/STM32L4xx_HAL_Driver/Src/stm32l4xx_hal_adc.o
                0x000000000800215c                ADC_Enable
 .text.ADC_DMAConvCplt
                0x0000000008002210       0xd8 Drivers/STM32L4xx_HAL_Driver/Src/stm32l4xx_hal_adc.o
                0x0000000008002210                ADC_DMAConvCplt
 .text.ADC_DMAHalfConvCplt
                0x00000000080022e8       0x1c Drivers/STM32L4xx_HAL_Driver/Src/stm32l4xx_hal_adc.o
                0x00000000080022e8                ADC_DMAHalfConvCplt
 .text.ADC_DMAError
                0x0000000008002304       0x34 Drivers/STM32L4xx_HAL_Driver/Src/stm32l4xx_hal_adc.o
                0x0000000008002304                ADC_DMAError
 .text.LL_ADC_IsEnabled
                0x0000000008002338       0x26 Drivers/STM32L4xx_HAL_Driver/Src/stm32l4xx_hal_adc_ex.o
 .text.LL_ADC_REG_IsConversionOngoing
                0x000000000800235e       0x26 Drivers/STM32L4xx_HAL_Driver/Src/stm32l4xx_hal_adc_ex.o
 .text.HAL_ADCEx_MultiModeConfigChannel
                0x0000000008002384      0x158 Drivers/STM32L4xx_HAL_Driver/Src/stm32l4xx_hal_adc_ex.o
                0x0000000008002384                HAL_ADCEx_MultiModeConfigChannel
 .text.__NVIC_SetPriorityGrouping
                0x00000000080024dc       0x48 Drivers/STM32L4xx_HAL_Driver/Src/stm32l4xx_hal_cortex.o
 .text.__NVIC_GetPriorityGrouping
                0x0000000008002524       0x1c Drivers/STM32L4xx_HAL_Driver/Src/stm32l4xx_hal_cortex.o
 .text.__NVIC_EnableIRQ
                0x0000000008002540       0x3c Drivers/STM32L4xx_HAL_Driver/Src/stm32l4xx_hal_cortex.o
 .text.__NVIC_SetPriority
                0x000000000800257c       0x54 Drivers/STM32L4xx_HAL_Driver/Src/stm32l4xx_hal_cortex.o
 .text.NVIC_EncodePriority
                0x00000000080025d0       0x66 Drivers/STM32L4xx_HAL_Driver/Src/stm32l4xx_hal_cortex.o
 *fill*         0x0000000008002636        0x2 
 .text.SysTick_Config
                0x0000000008002638       0x44 Drivers/STM32L4xx_HAL_Driver/Src/stm32l4xx_hal_cortex.o
 .text.HAL_NVIC_SetPriorityGrouping
                0x000000000800267c       0x16 Drivers/STM32L4xx_HAL_Driver/Src/stm32l4xx_hal_cortex.o
                0x000000000800267c                HAL_NVIC_SetPriorityGrouping
 .text.HAL_NVIC_SetPriority
                0x0000000008002692       0x38 Drivers/STM32L4xx_HAL_Driver/Src/stm32l4xx_hal_cortex.o
                0x0000000008002692                HAL_NVIC_SetPriority
 .text.HAL_NVIC_EnableIRQ
                0x00000000080026ca       0x1c Drivers/STM32L4xx_HAL_Driver/Src/stm32l4xx_hal_cortex.o
                0x00000000080026ca                HAL_NVIC_EnableIRQ
 .text.HAL_SYSTICK_Config
                0x00000000080026e6       0x18 Drivers/STM32L4xx_HAL_Driver/Src/stm32l4xx_hal_cortex.o
                0x00000000080026e6                HAL_SYSTICK_Config
 *fill*         0x00000000080026fe        0x2 
 .text.HAL_DMA_Init
                0x0000000008002700      0x170 Drivers/STM32L4xx_HAL_Driver/Src/stm32l4xx_hal_dma.o
                0x0000000008002700                HAL_DMA_Init
 .text.HAL_DMA_Start_IT
                0x0000000008002870       0xc0 Drivers/STM32L4xx_HAL_Driver/Src/stm32l4xx_hal_dma.o
                0x0000000008002870                HAL_DMA_Start_IT
 .text.HAL_DMA_IRQHandler
                0x0000000008002930      0x15e Drivers/STM32L4xx_HAL_Driver/Src/stm32l4xx_hal_dma.o
                0x0000000008002930                HAL_DMA_IRQHandler
 .text.DMA_SetConfig
                0x0000000008002a8e       0x60 Drivers/STM32L4xx_HAL_Driver/Src/stm32l4xx_hal_dma.o
 *fill*         0x0000000008002aee        0x2 
 .text.HAL_GPIO_Init
                0x0000000008002af0      0x350 Drivers/STM32L4xx_HAL_Driver/Src/stm32l4xx_hal_gpio.o
                0x0000000008002af0                HAL_GPIO_Init
 .text.HAL_GPIO_ReadPin
                0x0000000008002e40       0x30 Drivers/STM32L4xx_HAL_Driver/Src/stm32l4xx_hal_gpio.o
                0x0000000008002e40                HAL_GPIO_ReadPin
 .text.HAL_GPIO_WritePin
                0x0000000008002e70       0x30 Drivers/STM32L4xx_HAL_Driver/Src/stm32l4xx_hal_gpio.o
                0x0000000008002e70                HAL_GPIO_WritePin
 .text.HAL_PWREx_GetVoltageRange
                0x0000000008002ea0       0x1c Drivers/STM32L4xx_HAL_Driver/Src/stm32l4xx_hal_pwr_ex.o
                0x0000000008002ea0                HAL_PWREx_GetVoltageRange
 .text.HAL_PWREx_ControlVoltageScaling
                0x0000000008002ebc       0xac Drivers/STM32L4xx_HAL_Driver/Src/stm32l4xx_hal_pwr_ex.o
                0x0000000008002ebc                HAL_PWREx_ControlVoltageScaling
 .text.HAL_RCC_OscConfig
                0x0000000008002f68      0x7cc Drivers/STM32L4xx_HAL_Driver/Src/stm32l4xx_hal_rcc.o
                0x0000000008002f68                HAL_RCC_OscConfig
 .text.HAL_RCC_ClockConfig
                0x0000000008003734      0x1c4 Drivers/STM32L4xx_HAL_Driver/Src/stm32l4xx_hal_rcc.o
                0x0000000008003734                HAL_RCC_ClockConfig
 .text.HAL_RCC_GetSysClockFreq
                0x00000000080038f8      0x114 Drivers/STM32L4xx_HAL_Driver/Src/stm32l4xx_hal_rcc.o
                0x00000000080038f8                HAL_RCC_GetSysClockFreq
 .text.HAL_RCC_GetHCLKFreq
                0x0000000008003a0c       0x18 Drivers/STM32L4xx_HAL_Driver/Src/stm32l4xx_hal_rcc.o
                0x0000000008003a0c                HAL_RCC_GetHCLKFreq
 .text.HAL_RCC_GetPCLK1Freq
                0x0000000008003a24       0x2c Drivers/STM32L4xx_HAL_Driver/Src/stm32l4xx_hal_rcc.o
                0x0000000008003a24                HAL_RCC_GetPCLK1Freq
 .text.HAL_RCC_GetPCLK2Freq
                0x0000000008003a50       0x2c Drivers/STM32L4xx_HAL_Driver/Src/stm32l4xx_hal_rcc.o
                0x0000000008003a50                HAL_RCC_GetPCLK2Freq
 .text.RCC_SetFlashLatencyFromMSIRange
                0x0000000008003a7c       0xc0 Drivers/STM32L4xx_HAL_Driver/Src/stm32l4xx_hal_rcc.o
 .text.HAL_RCCEx_PeriphCLKConfig
                0x0000000008003b3c      0x5cc Drivers/STM32L4xx_HAL_Driver/Src/stm32l4xx_hal_rcc_ex.o
                0x0000000008003b3c                HAL_RCCEx_PeriphCLKConfig
 .text.RCCEx_PLLSAI1_Config
                0x0000000008004108      0x1e0 Drivers/STM32L4xx_HAL_Driver/Src/stm32l4xx_hal_rcc_ex.o
 .text.RCCEx_PLLSAI2_Config
                0x00000000080042e8      0x1b4 Drivers/STM32L4xx_HAL_Driver/Src/stm32l4xx_hal_rcc_ex.o
 .text.HAL_TIM_Base_Start_IT
                0x000000000800449c       0xe0 Drivers/STM32L4xx_HAL_Driver/Src/stm32l4xx_hal_tim.o
                0x000000000800449c                HAL_TIM_Base_Start_IT
 .text.HAL_TIM_OC_Init
                0x000000000800457c       0xae Drivers/STM32L4xx_HAL_Driver/Src/stm32l4xx_hal_tim.o
                0x000000000800457c                HAL_TIM_OC_Init
 .text.HAL_TIM_PWM_Init
                0x000000000800462a       0xae Drivers/STM32L4xx_HAL_Driver/Src/stm32l4xx_hal_tim.o
                0x000000000800462a                HAL_TIM_PWM_Init
 .text.HAL_TIM_PWM_Start
                0x00000000080046d8      0x20c Drivers/STM32L4xx_HAL_Driver/Src/stm32l4xx_hal_tim.o
                0x00000000080046d8                HAL_TIM_PWM_Start
 .text.HAL_TIM_PWM_Stop
                0x00000000080048e4      0x12c Drivers/STM32L4xx_HAL_Driver/Src/stm32l4xx_hal_tim.o
                0x00000000080048e4                HAL_TIM_PWM_Stop
 .text.HAL_TIM_IRQHandler
                0x0000000008004a10      0x23e Drivers/STM32L4xx_HAL_Driver/Src/stm32l4xx_hal_tim.o
                0x0000000008004a10                HAL_TIM_IRQHandler
 *fill*         0x0000000008004c4e        0x2 
 .text.HAL_TIM_OC_ConfigChannel
                0x0000000008004c50       0xec Drivers/STM32L4xx_HAL_Driver/Src/stm32l4xx_hal_tim.o
                0x0000000008004c50                HAL_TIM_OC_ConfigChannel
 .text.HAL_TIM_PWM_ConfigChannel
                0x0000000008004d3c      0x220 Drivers/STM32L4xx_HAL_Driver/Src/stm32l4xx_hal_tim.o
                0x0000000008004d3c                HAL_TIM_PWM_ConfigChannel
 .text.HAL_TIM_PeriodElapsedCallback
                0x0000000008004f5c       0x14 Drivers/STM32L4xx_HAL_Driver/Src/stm32l4xx_hal_tim.o
                0x0000000008004f5c                HAL_TIM_PeriodElapsedCallback
 .text.HAL_TIM_OC_DelayElapsedCallback
                0x0000000008004f70       0x14 Drivers/STM32L4xx_HAL_Driver/Src/stm32l4xx_hal_tim.o
                0x0000000008004f70                HAL_TIM_OC_DelayElapsedCallback
 .text.HAL_TIM_IC_CaptureCallback
                0x0000000008004f84       0x14 Drivers/STM32L4xx_HAL_Driver/Src/stm32l4xx_hal_tim.o
                0x0000000008004f84                HAL_TIM_IC_CaptureCallback
 .text.HAL_TIM_PWM_PulseFinishedCallback
                0x0000000008004f98       0x14 Drivers/STM32L4xx_HAL_Driver/Src/stm32l4xx_hal_tim.o
                0x0000000008004f98                HAL_TIM_PWM_PulseFinishedCallback
 .text.HAL_TIM_TriggerCallback
                0x0000000008004fac       0x14 Drivers/STM32L4xx_HAL_Driver/Src/stm32l4xx_hal_tim.o
                0x0000000008004fac                HAL_TIM_TriggerCallback
 .text.TIM_Base_SetConfig
                0x0000000008004fc0      0x134 Drivers/STM32L4xx_HAL_Driver/Src/stm32l4xx_hal_tim.o
                0x0000000008004fc0                TIM_Base_SetConfig
 .text.TIM_OC1_SetConfig
                0x00000000080050f4      0x120 Drivers/STM32L4xx_HAL_Driver/Src/stm32l4xx_hal_tim.o
 .text.TIM_OC2_SetConfig
                0x0000000008005214      0x114 Drivers/STM32L4xx_HAL_Driver/Src/stm32l4xx_hal_tim.o
                0x0000000008005214                TIM_OC2_SetConfig
 .text.TIM_OC3_SetConfig
                0x0000000008005328      0x110 Drivers/STM32L4xx_HAL_Driver/Src/stm32l4xx_hal_tim.o
 .text.TIM_OC4_SetConfig
                0x0000000008005438       0xd4 Drivers/STM32L4xx_HAL_Driver/Src/stm32l4xx_hal_tim.o
 .text.TIM_OC5_SetConfig
                0x000000000800550c       0xc8 Drivers/STM32L4xx_HAL_Driver/Src/stm32l4xx_hal_tim.o
 .text.TIM_OC6_SetConfig
                0x00000000080055d4       0xcc Drivers/STM32L4xx_HAL_Driver/Src/stm32l4xx_hal_tim.o
 .text.TIM_CCxChannelCmd
                0x00000000080056a0       0x4a Drivers/STM32L4xx_HAL_Driver/Src/stm32l4xx_hal_tim.o
                0x00000000080056a0                TIM_CCxChannelCmd
 *fill*         0x00000000080056ea        0x2 
 .text.HAL_TIMEx_MasterConfigSynchronization
                0x00000000080056ec      0x110 Drivers/STM32L4xx_HAL_Driver/Src/stm32l4xx_hal_tim_ex.o
                0x00000000080056ec                HAL_TIMEx_MasterConfigSynchronization
 .text.HAL_TIMEx_CommutCallback
                0x00000000080057fc       0x14 Drivers/STM32L4xx_HAL_Driver/Src/stm32l4xx_hal_tim_ex.o
                0x00000000080057fc                HAL_TIMEx_CommutCallback
 .text.HAL_TIMEx_BreakCallback
                0x0000000008005810       0x14 Drivers/STM32L4xx_HAL_Driver/Src/stm32l4xx_hal_tim_ex.o
                0x0000000008005810                HAL_TIMEx_BreakCallback
 .text.HAL_TIMEx_Break2Callback
                0x0000000008005824       0x14 Drivers/STM32L4xx_HAL_Driver/Src/stm32l4xx_hal_tim_ex.o
                0x0000000008005824                HAL_TIMEx_Break2Callback
 .text.HAL_UART_Init
                0x0000000008005838       0x9c Drivers/STM32L4xx_HAL_Driver/Src/stm32l4xx_hal_uart.o
                0x0000000008005838                HAL_UART_Init
 .text.UART_SetConfig
                0x00000000080058d4      0x514 Drivers/STM32L4xx_HAL_Driver/Src/stm32l4xx_hal_uart.o
                0x00000000080058d4                UART_SetConfig
 .text.UART_AdvFeatureConfig
                0x0000000008005de8      0x144 Drivers/STM32L4xx_HAL_Driver/Src/stm32l4xx_hal_uart.o
                0x0000000008005de8                UART_AdvFeatureConfig
 .text.UART_CheckIdleState
                0x0000000008005f2c       0x8a Drivers/STM32L4xx_HAL_Driver/Src/stm32l4xx_hal_uart.o
                0x0000000008005f2c                UART_CheckIdleState
 .text.UART_WaitOnFlagUntilTimeout
                0x0000000008005fb6       0xf6 Drivers/STM32L4xx_HAL_Driver/Src/stm32l4xx_hal_uart.o
                0x0000000008005fb6                UART_WaitOnFlagUntilTimeout
 .text.__libc_init_array
                0x00000000080060ac       0x48 c:/st/stm32cubeide_1.1.0/stm32cubeide/plugins/com.st.stm32cube.ide.mcu.externaltools.gnu-tools-for-stm32.7-2018-q2-update.win32_1.4.0.202007081208/tools/bin/../lib/gcc/arm-none-eabi/7.3.1/../../../../arm-none-eabi/lib/thumb/v7e-m/fpv4-sp/hard\libc_nano.a(lib_a-init.o)
                0x00000000080060ac                __libc_init_array
 .text.memset   0x00000000080060f4       0x10 c:/st/stm32cubeide_1.1.0/stm32cubeide/plugins/com.st.stm32cube.ide.mcu.externaltools.gnu-tools-for-stm32.7-2018-q2-update.win32_1.4.0.202007081208/tools/bin/../lib/gcc/arm-none-eabi/7.3.1/../../../../arm-none-eabi/lib/thumb/v7e-m/fpv4-sp/hard\libc_nano.a(lib_a-memset.o)
                0x00000000080060f4                memset
 *(.glue_7)
 .glue_7        0x0000000008006104        0x0 linker stubs
 *(.glue_7t)
 .glue_7t       0x0000000008006104        0x0 linker stubs
 *(.eh_frame)
 .eh_frame      0x0000000008006104        0x0 c:/st/stm32cubeide_1.1.0/stm32cubeide/plugins/com.st.stm32cube.ide.mcu.externaltools.gnu-tools-for-stm32.7-2018-q2-update.win32_1.4.0.202007081208/tools/bin/../lib/gcc/arm-none-eabi/7.3.1/thumb/v7e-m/fpv4-sp/hard/crtbegin.o
 *(.init)
 .init          0x0000000008006104        0x4 c:/st/stm32cubeide_1.1.0/stm32cubeide/plugins/com.st.stm32cube.ide.mcu.externaltools.gnu-tools-for-stm32.7-2018-q2-update.win32_1.4.0.202007081208/tools/bin/../lib/gcc/arm-none-eabi/7.3.1/thumb/v7e-m/fpv4-sp/hard/crti.o
                0x0000000008006104                _init
 .init          0x0000000008006108        0x8 c:/st/stm32cubeide_1.1.0/stm32cubeide/plugins/com.st.stm32cube.ide.mcu.externaltools.gnu-tools-for-stm32.7-2018-q2-update.win32_1.4.0.202007081208/tools/bin/../lib/gcc/arm-none-eabi/7.3.1/thumb/v7e-m/fpv4-sp/hard/crtn.o
 *(.fini)
 .fini          0x0000000008006110        0x4 c:/st/stm32cubeide_1.1.0/stm32cubeide/plugins/com.st.stm32cube.ide.mcu.externaltools.gnu-tools-for-stm32.7-2018-q2-update.win32_1.4.0.202007081208/tools/bin/../lib/gcc/arm-none-eabi/7.3.1/thumb/v7e-m/fpv4-sp/hard/crti.o
                0x0000000008006110                _fini
 .fini          0x0000000008006114        0x8 c:/st/stm32cubeide_1.1.0/stm32cubeide/plugins/com.st.stm32cube.ide.mcu.externaltools.gnu-tools-for-stm32.7-2018-q2-update.win32_1.4.0.202007081208/tools/bin/../lib/gcc/arm-none-eabi/7.3.1/thumb/v7e-m/fpv4-sp/hard/crtn.o
                0x000000000800611c                . = ALIGN (0x4)
                0x000000000800611c                _etext = .

.vfp11_veneer   0x000000000800611c        0x0
 .vfp11_veneer  0x000000000800611c        0x0 linker stubs

.v4_bx          0x000000000800611c        0x0
 .v4_bx         0x000000000800611c        0x0 linker stubs

.iplt           0x000000000800611c        0x0
 .iplt          0x000000000800611c        0x0 c:/st/stm32cubeide_1.1.0/stm32cubeide/plugins/com.st.stm32cube.ide.mcu.externaltools.gnu-tools-for-stm32.7-2018-q2-update.win32_1.4.0.202007081208/tools/bin/../lib/gcc/arm-none-eabi/7.3.1/thumb/v7e-m/fpv4-sp/hard/crtbegin.o

.rodata         0x000000000800611c       0x48
                0x000000000800611c                . = ALIGN (0x4)
 *(.rodata)
 *(.rodata*)
 .rodata.AHBPrescTable
                0x000000000800611c       0x10 Core/Src/system_stm32l4xx.o
                0x000000000800611c                AHBPrescTable
 .rodata.APBPrescTable
                0x000000000800612c        0x8 Core/Src/system_stm32l4xx.o
                0x000000000800612c                APBPrescTable
 .rodata.MSIRangeTable
                0x0000000008006134       0x30 Core/Src/system_stm32l4xx.o
                0x0000000008006134                MSIRangeTable
                0x0000000008006164                . = ALIGN (0x4)

.ARM.extab      0x0000000008006164        0x0
                0x0000000008006164                . = ALIGN (0x4)
 *(.ARM.extab* .gnu.linkonce.armextab.*)
                0x0000000008006164                . = ALIGN (0x4)

.ARM            0x0000000008006164        0x8
                0x0000000008006164                . = ALIGN (0x4)
                0x0000000008006164                __exidx_start = .
 *(.ARM.exidx*)
 .ARM.exidx     0x0000000008006164        0x8 c:/st/stm32cubeide_1.1.0/stm32cubeide/plugins/com.st.stm32cube.ide.mcu.externaltools.gnu-tools-for-stm32.7-2018-q2-update.win32_1.4.0.202007081208/tools/bin/../lib/gcc/arm-none-eabi/7.3.1/thumb/v7e-m/fpv4-sp/hard\libgcc.a(_udivmoddi4.o)
                0x000000000800616c                __exidx_end = .
                0x000000000800616c                . = ALIGN (0x4)

.rel.dyn        0x000000000800616c        0x0
 .rel.iplt      0x000000000800616c        0x0 c:/st/stm32cubeide_1.1.0/stm32cubeide/plugins/com.st.stm32cube.ide.mcu.externaltools.gnu-tools-for-stm32.7-2018-q2-update.win32_1.4.0.202007081208/tools/bin/../lib/gcc/arm-none-eabi/7.3.1/thumb/v7e-m/fpv4-sp/hard/crtbegin.o

.preinit_array  0x000000000800616c        0x0
                0x000000000800616c                . = ALIGN (0x4)
                0x000000000800616c                PROVIDE (__preinit_array_start = .)
 *(.preinit_array*)
                0x000000000800616c                PROVIDE (__preinit_array_end = .)
                0x000000000800616c                . = ALIGN (0x4)

.init_array     0x000000000800616c        0x4
                0x000000000800616c                . = ALIGN (0x4)
                0x000000000800616c                PROVIDE (__init_array_start = .)
 *(SORT_BY_NAME(.init_array.*))
 *(.init_array*)
 .init_array    0x000000000800616c        0x4 c:/st/stm32cubeide_1.1.0/stm32cubeide/plugins/com.st.stm32cube.ide.mcu.externaltools.gnu-tools-for-stm32.7-2018-q2-update.win32_1.4.0.202007081208/tools/bin/../lib/gcc/arm-none-eabi/7.3.1/thumb/v7e-m/fpv4-sp/hard/crtbegin.o
                0x0000000008006170                PROVIDE (__init_array_end = .)
                0x0000000008006170                . = ALIGN (0x4)

.fini_array     0x0000000008006170        0x4
                0x0000000008006170                . = ALIGN (0x4)
                [!provide]                        PROVIDE (__fini_array_start = .)
 *(SORT_BY_NAME(.fini_array.*))
 *(.fini_array*)
 .fini_array    0x0000000008006170        0x4 c:/st/stm32cubeide_1.1.0/stm32cubeide/plugins/com.st.stm32cube.ide.mcu.externaltools.gnu-tools-for-stm32.7-2018-q2-update.win32_1.4.0.202007081208/tools/bin/../lib/gcc/arm-none-eabi/7.3.1/thumb/v7e-m/fpv4-sp/hard/crtbegin.o
                [!provide]                        PROVIDE (__fini_array_end = .)
                0x0000000008006174                . = ALIGN (0x4)
                0x0000000008006174                _sidata = LOADADDR (.data)

.data           0x0000000020000000       0x18 load address 0x0000000008006174
                0x0000000020000000                . = ALIGN (0x4)
                0x0000000020000000                _sdata = .
 *(.data)
 *(.data*)
 .data.Tasks_table
                0x0000000020000000        0x8 Core/Src/TaskScheduler.o
                0x0000000020000000                Tasks_table
 .data.prev_TaskSchedulerTick.9602
                0x0000000020000008        0x2 Core/Src/TaskScheduler.o
 *fill*         0x000000002000000a        0x2 
 .data.SystemCoreClock
                0x000000002000000c        0x4 Core/Src/system_stm32l4xx.o
                0x000000002000000c                SystemCoreClock
 .data.uwTickPrio
                0x0000000020000010        0x4 Drivers/STM32L4xx_HAL_Driver/Src/stm32l4xx_hal.o
                0x0000000020000010                uwTickPrio
 .data.uwTickFreq
                0x0000000020000014        0x1 Drivers/STM32L4xx_HAL_Driver/Src/stm32l4xx_hal.o
                0x0000000020000014                uwTickFreq
                0x0000000020000018                . = ALIGN (0x4)
 *fill*         0x0000000020000015        0x3 
                0x0000000020000018                _edata = .

.igot.plt       0x0000000020000018        0x0 load address 0x000000000800618c
 .igot.plt      0x0000000020000018        0x0 c:/st/stm32cubeide_1.1.0/stm32cubeide/plugins/com.st.stm32cube.ide.mcu.externaltools.gnu-tools-for-stm32.7-2018-q2-update.win32_1.4.0.202007081208/tools/bin/../lib/gcc/arm-none-eabi/7.3.1/thumb/v7e-m/fpv4-sp/hard/crtbegin.o
                0x0000000020000018                . = ALIGN (0x4)

.bss            0x0000000020000018      0x240 load address 0x000000000800618c
                0x0000000020000018                _sbss = .
                0x0000000020000018                __bss_start__ = _sbss
 *(.bss)
 .bss           0x0000000020000018       0x1c c:/st/stm32cubeide_1.1.0/stm32cubeide/plugins/com.st.stm32cube.ide.mcu.externaltools.gnu-tools-for-stm32.7-2018-q2-update.win32_1.4.0.202007081208/tools/bin/../lib/gcc/arm-none-eabi/7.3.1/thumb/v7e-m/fpv4-sp/hard/crtbegin.o
 *(.bss*)
 .bss.button_debouncer.9592
                0x0000000020000034        0x1 Core/Src/InputsHandler.o
 .bss.Driver_State
                0x0000000020000035        0x1 Core/Src/MotorController.o
                0x0000000020000035                Driver_State
 .bss.direction.9610
                0x0000000020000036        0x1 Core/Src/MotorController.o
 *(COMMON)
 *fill*         0x0000000020000037        0x1 
 COMMON         0x0000000020000038      0x214 Core/Src/InputsHandler.o
                0x0000000020000038                htim3
                0x0000000020000084                hadc1
                0x00000000200000e8                hdma_adc1
                0x0000000020000130                htim1
                0x000000002000017c                htim2
                0x00000000200001c8                Adc_Measurements
                0x00000000200001cc                huart2
 COMMON         0x000000002000024c        0x6 Core/Src/TaskScheduler.o
                0x000000002000024c                TaskSchedulerTick
                0x0000000020000250                Tasks_elapsed_times
 *fill*         0x0000000020000252        0x2 
 COMMON         0x0000000020000254        0x4 Drivers/STM32L4xx_HAL_Driver/Src/stm32l4xx_hal.o
                0x0000000020000254                uwTick
                0x0000000020000258                . = ALIGN (0x4)
                0x0000000020000258                _ebss = .
                0x0000000020000258                __bss_end__ = _ebss

._user_heap_stack
                0x0000000020000258      0x600 load address 0x000000000800618c
                0x0000000020000258                . = ALIGN (0x8)
                [!provide]                        PROVIDE (end = .)
                0x0000000020000258                PROVIDE (_end = .)
                0x0000000020000458                . = (. + _Min_Heap_Size)
 *fill*         0x0000000020000258      0x200 
                0x0000000020000858                . = (. + _Min_Stack_Size)
 *fill*         0x0000000020000458      0x400 
                0x0000000020000858                . = ALIGN (0x8)

/DISCARD/
 libc.a(*)
 libm.a(*)
 libgcc.a(*)

.ARM.attributes
                0x0000000000000000       0x30
 *(.ARM.attributes)
 .ARM.attributes
                0x0000000000000000       0x22 c:/st/stm32cubeide_1.1.0/stm32cubeide/plugins/com.st.stm32cube.ide.mcu.externaltools.gnu-tools-for-stm32.7-2018-q2-update.win32_1.4.0.202007081208/tools/bin/../lib/gcc/arm-none-eabi/7.3.1/thumb/v7e-m/fpv4-sp/hard/crti.o
 .ARM.attributes
                0x0000000000000022       0x34 c:/st/stm32cubeide_1.1.0/stm32cubeide/plugins/com.st.stm32cube.ide.mcu.externaltools.gnu-tools-for-stm32.7-2018-q2-update.win32_1.4.0.202007081208/tools/bin/../lib/gcc/arm-none-eabi/7.3.1/thumb/v7e-m/fpv4-sp/hard/crtbegin.o
 .ARM.attributes
                0x0000000000000056       0x39 Core/Src/InputsHandler.o
 .ARM.attributes
                0x000000000000008f       0x39 Core/Src/MotorController.o
 .ARM.attributes
                0x00000000000000c8       0x39 Core/Src/TaskScheduler.o
 .ARM.attributes
                0x0000000000000101       0x39 Core/Src/main.o
 .ARM.attributes
                0x000000000000013a       0x39 Core/Src/stm32l4xx_hal_msp.o
 .ARM.attributes
                0x0000000000000173       0x39 Core/Src/stm32l4xx_it.o
 .ARM.attributes
                0x00000000000001ac       0x39 Core/Src/system_stm32l4xx.o
 .ARM.attributes
                0x00000000000001e5       0x21 Core/Startup/startup_stm32l476rgtx.o
 .ARM.attributes
                0x0000000000000206       0x39 Drivers/STM32L4xx_HAL_Driver/Src/stm32l4xx_hal.o
 .ARM.attributes
                0x000000000000023f       0x39 Drivers/STM32L4xx_HAL_Driver/Src/stm32l4xx_hal_adc.o
 .ARM.attributes
                0x0000000000000278       0x39 Drivers/STM32L4xx_HAL_Driver/Src/stm32l4xx_hal_adc_ex.o
 .ARM.attributes
                0x00000000000002b1       0x39 Drivers/STM32L4xx_HAL_Driver/Src/stm32l4xx_hal_cortex.o
 .ARM.attributes
                0x00000000000002ea       0x39 Drivers/STM32L4xx_HAL_Driver/Src/stm32l4xx_hal_dma.o
 .ARM.attributes
                0x0000000000000323       0x39 Drivers/STM32L4xx_HAL_Driver/Src/stm32l4xx_hal_gpio.o
 .ARM.attributes
                0x000000000000035c       0x39 Drivers/STM32L4xx_HAL_Driver/Src/stm32l4xx_hal_pwr_ex.o
 .ARM.attributes
                0x0000000000000395       0x39 Drivers/STM32L4xx_HAL_Driver/Src/stm32l4xx_hal_rcc.o
 .ARM.attributes
                0x00000000000003ce       0x39 Drivers/STM32L4xx_HAL_Driver/Src/stm32l4xx_hal_rcc_ex.o
 .ARM.attributes
                0x0000000000000407       0x39 Drivers/STM32L4xx_HAL_Driver/Src/stm32l4xx_hal_tim.o
 .ARM.attributes
                0x0000000000000440       0x39 Drivers/STM32L4xx_HAL_Driver/Src/stm32l4xx_hal_tim_ex.o
 .ARM.attributes
                0x0000000000000479       0x39 Drivers/STM32L4xx_HAL_Driver/Src/stm32l4xx_hal_uart.o
 .ARM.attributes
                0x00000000000004b2       0x34 c:/st/stm32cubeide_1.1.0/stm32cubeide/plugins/com.st.stm32cube.ide.mcu.externaltools.gnu-tools-for-stm32.7-2018-q2-update.win32_1.4.0.202007081208/tools/bin/../lib/gcc/arm-none-eabi/7.3.1/../../../../arm-none-eabi/lib/thumb/v7e-m/fpv4-sp/hard\libc_nano.a(lib_a-init.o)
 .ARM.attributes
                0x00000000000004e6       0x34 c:/st/stm32cubeide_1.1.0/stm32cubeide/plugins/com.st.stm32cube.ide.mcu.externaltools.gnu-tools-for-stm32.7-2018-q2-update.win32_1.4.0.202007081208/tools/bin/../lib/gcc/arm-none-eabi/7.3.1/../../../../arm-none-eabi/lib/thumb/v7e-m/fpv4-sp/hard\libc_nano.a(lib_a-memset.o)
 .ARM.attributes
                0x000000000000051a       0x22 c:/st/stm32cubeide_1.1.0/stm32cubeide/plugins/com.st.stm32cube.ide.mcu.externaltools.gnu-tools-for-stm32.7-2018-q2-update.win32_1.4.0.202007081208/tools/bin/../lib/gcc/arm-none-eabi/7.3.1/thumb/v7e-m/fpv4-sp/hard\libgcc.a(_aeabi_uldivmod.o)
 .ARM.attributes
                0x000000000000053c       0x34 c:/st/stm32cubeide_1.1.0/stm32cubeide/plugins/com.st.stm32cube.ide.mcu.externaltools.gnu-tools-for-stm32.7-2018-q2-update.win32_1.4.0.202007081208/tools/bin/../lib/gcc/arm-none-eabi/7.3.1/thumb/v7e-m/fpv4-sp/hard\libgcc.a(_udivmoddi4.o)
 .ARM.attributes
                0x0000000000000570       0x22 c:/st/stm32cubeide_1.1.0/stm32cubeide/plugins/com.st.stm32cube.ide.mcu.externaltools.gnu-tools-for-stm32.7-2018-q2-update.win32_1.4.0.202007081208/tools/bin/../lib/gcc/arm-none-eabi/7.3.1/thumb/v7e-m/fpv4-sp/hard\libgcc.a(_dvmd_tls.o)
 .ARM.attributes
                0x0000000000000592       0x22 c:/st/stm32cubeide_1.1.0/stm32cubeide/plugins/com.st.stm32cube.ide.mcu.externaltools.gnu-tools-for-stm32.7-2018-q2-update.win32_1.4.0.202007081208/tools/bin/../lib/gcc/arm-none-eabi/7.3.1/thumb/v7e-m/fpv4-sp/hard/crtn.o
OUTPUT(Exercise_4.elf elf32-littlearm)

.debug_info     0x0000000000000000    0x16718
 .debug_info    0x0000000000000000     0x1089 Core/Src/InputsHandler.o
 .debug_info    0x0000000000001089     0x1176 Core/Src/MotorController.o
 .debug_info    0x00000000000021ff     0x105f Core/Src/TaskScheduler.o
 .debug_info    0x000000000000325e     0x1b5d Core/Src/main.o
 .debug_info    0x0000000000004dbb     0x1738 Core/Src/stm32l4xx_hal_msp.o
 .debug_info    0x00000000000064f3     0x1029 Core/Src/stm32l4xx_it.o
 .debug_info    0x000000000000751c      0x727 Core/Src/system_stm32l4xx.o
 .debug_info    0x0000000000007c43       0x22 Core/Startup/startup_stm32l476rgtx.o
 .debug_info    0x0000000000007c65      0xd2e Drivers/STM32L4xx_HAL_Driver/Src/stm32l4xx_hal.o
 .debug_info    0x0000000000008993     0x1e9b Drivers/STM32L4xx_HAL_Driver/Src/stm32l4xx_hal_adc.o
 .debug_info    0x000000000000a82e     0x1c15 Drivers/STM32L4xx_HAL_Driver/Src/stm32l4xx_hal_adc_ex.o
 .debug_info    0x000000000000c443      0xf6d Drivers/STM32L4xx_HAL_Driver/Src/stm32l4xx_hal_cortex.o
 .debug_info    0x000000000000d3b0      0x8f2 Drivers/STM32L4xx_HAL_Driver/Src/stm32l4xx_hal_dma.o
 .debug_info    0x000000000000dca2      0x9c2 Drivers/STM32L4xx_HAL_Driver/Src/stm32l4xx_hal_gpio.o
 .debug_info    0x000000000000e664      0xb35 Drivers/STM32L4xx_HAL_Driver/Src/stm32l4xx_hal_pwr_ex.o
 .debug_info    0x000000000000f199      0xd2f Drivers/STM32L4xx_HAL_Driver/Src/stm32l4xx_hal_rcc.o
 .debug_info    0x000000000000fec8      0xf41 Drivers/STM32L4xx_HAL_Driver/Src/stm32l4xx_hal_rcc_ex.o
 .debug_info    0x0000000000010e09     0x2a61 Drivers/STM32L4xx_HAL_Driver/Src/stm32l4xx_hal_tim.o
 .debug_info    0x000000000001386a     0x167e Drivers/STM32L4xx_HAL_Driver/Src/stm32l4xx_hal_tim_ex.o
 .debug_info    0x0000000000014ee8     0x1830 Drivers/STM32L4xx_HAL_Driver/Src/stm32l4xx_hal_uart.o

.debug_abbrev   0x0000000000000000     0x269d
 .debug_abbrev  0x0000000000000000      0x18b Core/Src/InputsHandler.o
 .debug_abbrev  0x000000000000018b      0x1ca Core/Src/MotorController.o
 .debug_abbrev  0x0000000000000355      0x1be Core/Src/TaskScheduler.o
 .debug_abbrev  0x0000000000000513      0x240 Core/Src/main.o
 .debug_abbrev  0x0000000000000753      0x223 Core/Src/stm32l4xx_hal_msp.o
 .debug_abbrev  0x0000000000000976      0x1aa Core/Src/stm32l4xx_it.o
 .debug_abbrev  0x0000000000000b20      0x150 Core/Src/system_stm32l4xx.o
 .debug_abbrev  0x0000000000000c70       0x12 Core/Startup/startup_stm32l476rgtx.o
 .debug_abbrev  0x0000000000000c82      0x1fb Drivers/STM32L4xx_HAL_Driver/Src/stm32l4xx_hal.o
 .debug_abbrev  0x0000000000000e7d      0x25d Drivers/STM32L4xx_HAL_Driver/Src/stm32l4xx_hal_adc.o
 .debug_abbrev  0x00000000000010da      0x27d Drivers/STM32L4xx_HAL_Driver/Src/stm32l4xx_hal_adc_ex.o
 .debug_abbrev  0x0000000000001357      0x2fa Drivers/STM32L4xx_HAL_Driver/Src/stm32l4xx_hal_cortex.o
 .debug_abbrev  0x0000000000001651      0x1d9 Drivers/STM32L4xx_HAL_Driver/Src/stm32l4xx_hal_dma.o
 .debug_abbrev  0x000000000000182a      0x1c0 Drivers/STM32L4xx_HAL_Driver/Src/stm32l4xx_hal_gpio.o
 .debug_abbrev  0x00000000000019ea      0x1cb Drivers/STM32L4xx_HAL_Driver/Src/stm32l4xx_hal_pwr_ex.o
 .debug_abbrev  0x0000000000001bb5      0x245 Drivers/STM32L4xx_HAL_Driver/Src/stm32l4xx_hal_rcc.o
 .debug_abbrev  0x0000000000001dfa      0x238 Drivers/STM32L4xx_HAL_Driver/Src/stm32l4xx_hal_rcc_ex.o
 .debug_abbrev  0x0000000000002032      0x230 Drivers/STM32L4xx_HAL_Driver/Src/stm32l4xx_hal_tim.o
 .debug_abbrev  0x0000000000002262      0x236 Drivers/STM32L4xx_HAL_Driver/Src/stm32l4xx_hal_tim_ex.o
 .debug_abbrev  0x0000000000002498      0x205 Drivers/STM32L4xx_HAL_Driver/Src/stm32l4xx_hal_uart.o

.debug_aranges  0x0000000000000000     0x1318
 .debug_aranges
                0x0000000000000000       0x28 Core/Src/InputsHandler.o
 .debug_aranges
                0x0000000000000028       0x48 Core/Src/MotorController.o
 .debug_aranges
                0x0000000000000070       0x30 Core/Src/TaskScheduler.o
 .debug_aranges
                0x00000000000000a0       0x60 Core/Src/main.o
 .debug_aranges
                0x0000000000000100       0x68 Core/Src/stm32l4xx_hal_msp.o
 .debug_aranges
                0x0000000000000168       0x70 Core/Src/stm32l4xx_it.o
 .debug_aranges
                0x00000000000001d8       0x28 Core/Src/system_stm32l4xx.o
 .debug_aranges
                0x0000000000000200       0x28 Core/Startup/startup_stm32l476rgtx.o
 .debug_aranges
                0x0000000000000228      0x130 Drivers/STM32L4xx_HAL_Driver/Src/stm32l4xx_hal.o
 .debug_aranges
                0x0000000000000358      0x220 Drivers/STM32L4xx_HAL_Driver/Src/stm32l4xx_hal_adc.o
 .debug_aranges
                0x0000000000000578      0x1a8 Drivers/STM32L4xx_HAL_Driver/Src/stm32l4xx_hal_adc_ex.o
 .debug_aranges
                0x0000000000000720      0x118 Drivers/STM32L4xx_HAL_Driver/Src/stm32l4xx_hal_cortex.o
 .debug_aranges
                0x0000000000000838       0x80 Drivers/STM32L4xx_HAL_Driver/Src/stm32l4xx_hal_dma.o
 .debug_aranges
                0x00000000000008b8       0x58 Drivers/STM32L4xx_HAL_Driver/Src/stm32l4xx_hal_gpio.o
 .debug_aranges
                0x0000000000000910      0x150 Drivers/STM32L4xx_HAL_Driver/Src/stm32l4xx_hal_pwr_ex.o
 .debug_aranges
                0x0000000000000a60       0x88 Drivers/STM32L4xx_HAL_Driver/Src/stm32l4xx_hal_rcc.o
 .debug_aranges
                0x0000000000000ae8       0xc0 Drivers/STM32L4xx_HAL_Driver/Src/stm32l4xx_hal_rcc_ex.o
 .debug_aranges
                0x0000000000000ba8      0x3e0 Drivers/STM32L4xx_HAL_Driver/Src/stm32l4xx_hal_tim.o
 .debug_aranges
                0x0000000000000f88      0x180 Drivers/STM32L4xx_HAL_Driver/Src/stm32l4xx_hal_tim_ex.o
 .debug_aranges
                0x0000000000001108      0x210 Drivers/STM32L4xx_HAL_Driver/Src/stm32l4xx_hal_uart.o

.debug_ranges   0x0000000000000000     0x11e0
 .debug_ranges  0x0000000000000000       0x18 Core/Src/InputsHandler.o
 .debug_ranges  0x0000000000000018       0x38 Core/Src/MotorController.o
 .debug_ranges  0x0000000000000050       0x20 Core/Src/TaskScheduler.o
 .debug_ranges  0x0000000000000070       0x50 Core/Src/main.o
 .debug_ranges  0x00000000000000c0       0x58 Core/Src/stm32l4xx_hal_msp.o
 .debug_ranges  0x0000000000000118       0x60 Core/Src/stm32l4xx_it.o
 .debug_ranges  0x0000000000000178       0x18 Core/Src/system_stm32l4xx.o
 .debug_ranges  0x0000000000000190       0x20 Core/Startup/startup_stm32l476rgtx.o
 .debug_ranges  0x00000000000001b0      0x120 Drivers/STM32L4xx_HAL_Driver/Src/stm32l4xx_hal.o
 .debug_ranges  0x00000000000002d0      0x210 Drivers/STM32L4xx_HAL_Driver/Src/stm32l4xx_hal_adc.o
 .debug_ranges  0x00000000000004e0      0x198 Drivers/STM32L4xx_HAL_Driver/Src/stm32l4xx_hal_adc_ex.o
 .debug_ranges  0x0000000000000678      0x108 Drivers/STM32L4xx_HAL_Driver/Src/stm32l4xx_hal_cortex.o
 .debug_ranges  0x0000000000000780       0x70 Drivers/STM32L4xx_HAL_Driver/Src/stm32l4xx_hal_dma.o
 .debug_ranges  0x00000000000007f0       0x48 Drivers/STM32L4xx_HAL_Driver/Src/stm32l4xx_hal_gpio.o
 .debug_ranges  0x0000000000000838      0x140 Drivers/STM32L4xx_HAL_Driver/Src/stm32l4xx_hal_pwr_ex.o
 .debug_ranges  0x0000000000000978       0x78 Drivers/STM32L4xx_HAL_Driver/Src/stm32l4xx_hal_rcc.o
 .debug_ranges  0x00000000000009f0       0xb0 Drivers/STM32L4xx_HAL_Driver/Src/stm32l4xx_hal_rcc_ex.o
 .debug_ranges  0x0000000000000aa0      0x3d0 Drivers/STM32L4xx_HAL_Driver/Src/stm32l4xx_hal_tim.o
 .debug_ranges  0x0000000000000e70      0x170 Drivers/STM32L4xx_HAL_Driver/Src/stm32l4xx_hal_tim_ex.o
 .debug_ranges  0x0000000000000fe0      0x200 Drivers/STM32L4xx_HAL_Driver/Src/stm32l4xx_hal_uart.o

.debug_macro    0x0000000000000000    0x286c7
 .debug_macro   0x0000000000000000      0x225 Core/Src/InputsHandler.o
 .debug_macro   0x0000000000000225      0xa5a Core/Src/InputsHandler.o
 .debug_macro   0x0000000000000c7f      0x1b3 Core/Src/InputsHandler.o
 .debug_macro   0x0000000000000e32       0x2e Core/Src/InputsHandler.o
 .debug_macro   0x0000000000000e60       0x28 Core/Src/InputsHandler.o
 .debug_macro   0x0000000000000e88       0x22 Core/Src/InputsHandler.o
 .debug_macro   0x0000000000000eaa       0x8e Core/Src/InputsHandler.o
 .debug_macro   0x0000000000000f38       0x51 Core/Src/InputsHandler.o
 .debug_macro   0x0000000000000f89       0xef Core/Src/InputsHandler.o
 .debug_macro   0x0000000000001078       0x6a Core/Src/InputsHandler.o
 .debug_macro   0x00000000000010e2      0x1df Core/Src/InputsHandler.o
 .debug_macro   0x00000000000012c1       0x1c Core/Src/InputsHandler.o
 .debug_macro   0x00000000000012dd       0x22 Core/Src/InputsHandler.o
 .debug_macro   0x00000000000012ff      0x101 Core/Src/InputsHandler.o
 .debug_macro   0x0000000000001400     0x1011 Core/Src/InputsHandler.o
 .debug_macro   0x0000000000002411      0x11f Core/Src/InputsHandler.o
 .debug_macro   0x0000000000002530    0x1a13d Core/Src/InputsHandler.o
 .debug_macro   0x000000000001c66d       0x43 Core/Src/InputsHandler.o
 .debug_macro   0x000000000001c6b0     0x3890 Core/Src/InputsHandler.o
 .debug_macro   0x000000000001ff40      0x174 Core/Src/InputsHandler.o
 .debug_macro   0x00000000000200b4       0x5c Core/Src/InputsHandler.o
 .debug_macro   0x0000000000020110     0x155f Core/Src/InputsHandler.o
 .debug_macro   0x000000000002166f      0x59e Core/Src/InputsHandler.o
 .debug_macro   0x0000000000021c0d      0x13d Core/Src/InputsHandler.o
 .debug_macro   0x0000000000021d4a      0x18b Core/Src/InputsHandler.o
 .debug_macro   0x0000000000021ed5      0x26b Core/Src/InputsHandler.o
 .debug_macro   0x0000000000022140      0x23d Core/Src/InputsHandler.o
 .debug_macro   0x000000000002237d      0xf83 Core/Src/InputsHandler.o
 .debug_macro   0x0000000000023300      0x632 Core/Src/InputsHandler.o
 .debug_macro   0x0000000000023932      0x30c Core/Src/InputsHandler.o
 .debug_macro   0x0000000000023c3e      0x241 Core/Src/InputsHandler.o
 .debug_macro   0x0000000000023e7f      0x37c Core/Src/InputsHandler.o
 .debug_macro   0x00000000000241fb       0xd6 Core/Src/InputsHandler.o
 .debug_macro   0x00000000000242d1      0x22c Core/Src/InputsHandler.o
 .debug_macro   0x00000000000244fd       0x61 Core/Src/InputsHandler.o
 .debug_macro   0x000000000002455e       0xa5 Core/Src/InputsHandler.o
 .debug_macro   0x0000000000024603      0x122 Core/Src/InputsHandler.o
 .debug_macro   0x0000000000024725      0x3e9 Core/Src/InputsHandler.o
 .debug_macro   0x0000000000024b0e      0xa75 Core/Src/InputsHandler.o
 .debug_macro   0x0000000000025583      0x1e7 Core/Src/InputsHandler.o
 .debug_macro   0x000000000002576a      0x59e Core/Src/InputsHandler.o
 .debug_macro   0x0000000000025d08       0x44 Core/Src/InputsHandler.o
 .debug_macro   0x0000000000025d4c      0x331 Core/Src/InputsHandler.o
 .debug_macro   0x000000000002607d       0x7c Core/Src/InputsHandler.o
 .debug_macro   0x00000000000260f9      0x215 Core/Src/MotorController.o
 .debug_macro   0x000000000002630e      0x22e Core/Src/TaskScheduler.o
 .debug_macro   0x000000000002653c       0x10 Core/Src/TaskScheduler.o
 .debug_macro   0x000000000002654c      0x20b Core/Src/main.o
 .debug_macro   0x0000000000026757      0x20b Core/Src/stm32l4xx_hal_msp.o
 .debug_macro   0x0000000000026962      0x215 Core/Src/stm32l4xx_it.o
 .debug_macro   0x0000000000026b77      0x202 Core/Src/system_stm32l4xx.o
 .debug_macro   0x0000000000026d79      0x24a Drivers/STM32L4xx_HAL_Driver/Src/stm32l4xx_hal.o
 .debug_macro   0x0000000000026fc3      0x219 Drivers/STM32L4xx_HAL_Driver/Src/stm32l4xx_hal_adc.o
 .debug_macro   0x00000000000271dc      0x208 Drivers/STM32L4xx_HAL_Driver/Src/stm32l4xx_hal_adc_ex.o
 .debug_macro   0x00000000000273e4      0x1fc Drivers/STM32L4xx_HAL_Driver/Src/stm32l4xx_hal_cortex.o
 .debug_macro   0x00000000000275e0      0x1fc Drivers/STM32L4xx_HAL_Driver/Src/stm32l4xx_hal_dma.o
 .debug_macro   0x00000000000277dc      0x23b Drivers/STM32L4xx_HAL_Driver/Src/stm32l4xx_hal_gpio.o
 .debug_macro   0x0000000000027a17      0x220 Drivers/STM32L4xx_HAL_Driver/Src/stm32l4xx_hal_pwr_ex.o
 .debug_macro   0x0000000000027c37      0x23e Drivers/STM32L4xx_HAL_Driver/Src/stm32l4xx_hal_rcc.o
 .debug_macro   0x0000000000027e75      0x232 Drivers/STM32L4xx_HAL_Driver/Src/stm32l4xx_hal_rcc_ex.o
 .debug_macro   0x00000000000280a7      0x1fd Drivers/STM32L4xx_HAL_Driver/Src/stm32l4xx_hal_tim.o
 .debug_macro   0x00000000000282a4      0x1fc Drivers/STM32L4xx_HAL_Driver/Src/stm32l4xx_hal_tim_ex.o
 .debug_macro   0x00000000000284a0      0x227 Drivers/STM32L4xx_HAL_Driver/Src/stm32l4xx_hal_uart.o

.debug_line     0x0000000000000000     0xf7c5
 .debug_line    0x0000000000000000      0x779 Core/Src/InputsHandler.o
 .debug_line    0x0000000000000779      0x7b1 Core/Src/MotorController.o
 .debug_line    0x0000000000000f2a      0x7b8 Core/Src/TaskScheduler.o
 .debug_line    0x00000000000016e2      0x85d Core/Src/main.o
 .debug_line    0x0000000000001f3f      0x80c Core/Src/stm32l4xx_hal_msp.o
 .debug_line    0x000000000000274b      0x803 Core/Src/stm32l4xx_it.o
 .debug_line    0x0000000000002f4e      0x765 Core/Src/system_stm32l4xx.o
 .debug_line    0x00000000000036b3       0x87 Core/Startup/startup_stm32l476rgtx.o
 .debug_line    0x000000000000373a      0x9dc Drivers/STM32L4xx_HAL_Driver/Src/stm32l4xx_hal.o
 .debug_line    0x0000000000004116     0x1513 Drivers/STM32L4xx_HAL_Driver/Src/stm32l4xx_hal_adc.o
 .debug_line    0x0000000000005629     0x120c Drivers/STM32L4xx_HAL_Driver/Src/stm32l4xx_hal_adc_ex.o
 .debug_line    0x0000000000006835      0xa63 Drivers/STM32L4xx_HAL_Driver/Src/stm32l4xx_hal_cortex.o
 .debug_line    0x0000000000007298      0x95e Drivers/STM32L4xx_HAL_Driver/Src/stm32l4xx_hal_dma.o
 .debug_line    0x0000000000007bf6      0x8f6 Drivers/STM32L4xx_HAL_Driver/Src/stm32l4xx_hal_gpio.o
 .debug_line    0x00000000000084ec      0xaef Drivers/STM32L4xx_HAL_Driver/Src/stm32l4xx_hal_pwr_ex.o
 .debug_line    0x0000000000008fdb      0xa52 Drivers/STM32L4xx_HAL_Driver/Src/stm32l4xx_hal_rcc.o
 .debug_line    0x0000000000009a2d      0xce8 Drivers/STM32L4xx_HAL_Driver/Src/stm32l4xx_hal_rcc_ex.o
 .debug_line    0x000000000000a715     0x27fb Drivers/STM32L4xx_HAL_Driver/Src/stm32l4xx_hal_tim.o
 .debug_line    0x000000000000cf10     0x15cb Drivers/STM32L4xx_HAL_Driver/Src/stm32l4xx_hal_tim_ex.o
 .debug_line    0x000000000000e4db     0x12ea Drivers/STM32L4xx_HAL_Driver/Src/stm32l4xx_hal_uart.o

.debug_str      0x0000000000000000   0x1032bf
 .debug_str     0x0000000000000000    0xfdba9 Core/Src/InputsHandler.o
                                      0xfe1c2 (size before relaxing)
 .debug_str     0x00000000000fdba9      0x167 Core/Src/MotorController.o
                                      0xfe292 (size before relaxing)
 .debug_str     0x00000000000fdd10      0x124 Core/Src/TaskScheduler.o
                                      0xfe207 (size before relaxing)
 .debug_str     0x00000000000fde34      0xaec Core/Src/main.o
                                      0xfed46 (size before relaxing)
 .debug_str     0x00000000000fe920       0xf9 Core/Src/stm32l4xx_hal_msp.o
                                      0xfe82d (size before relaxing)
 .debug_str     0x00000000000fea19       0xe6 Core/Src/stm32l4xx_it.o
                                      0xfe1b4 (size before relaxing)
 .debug_str     0x00000000000feaff       0xcd Core/Src/system_stm32l4xx.o
                                      0xfd77c (size before relaxing)
 .debug_str     0x00000000000febcc       0x36 Core/Startup/startup_stm32l476rgtx.o
                                         0x7e (size before relaxing)
 .debug_str     0x00000000000fec02      0x621 Drivers/STM32L4xx_HAL_Driver/Src/stm32l4xx_hal.o
                                      0xfe2cc (size before relaxing)
 .debug_str     0x00000000000ff223      0x9e5 Drivers/STM32L4xx_HAL_Driver/Src/stm32l4xx_hal_adc.o
                                      0xfe4cf (size before relaxing)
 .debug_str     0x00000000000ffc08      0x705 Drivers/STM32L4xx_HAL_Driver/Src/stm32l4xx_hal_adc_ex.o
                                      0xfe4b2 (size before relaxing)
 .debug_str     0x000000000010030d      0x389 Drivers/STM32L4xx_HAL_Driver/Src/stm32l4xx_hal_cortex.o
                                      0xfdfd0 (size before relaxing)
 .debug_str     0x0000000000100696      0x253 Drivers/STM32L4xx_HAL_Driver/Src/stm32l4xx_hal_dma.o
                                      0xfd9d4 (size before relaxing)
 .debug_str     0x00000000001008e9      0x228 Drivers/STM32L4xx_HAL_Driver/Src/stm32l4xx_hal_gpio.o
                                      0xfd9fb (size before relaxing)
 .debug_str     0x0000000000100b11      0x4a4 Drivers/STM32L4xx_HAL_Driver/Src/stm32l4xx_hal_pwr_ex.o
                                      0xfdc97 (size before relaxing)
 .debug_str     0x0000000000100fb5      0x34e Drivers/STM32L4xx_HAL_Driver/Src/stm32l4xx_hal_rcc.o
                                      0xfdd3e (size before relaxing)
 .debug_str     0x0000000000101303      0x3a6 Drivers/STM32L4xx_HAL_Driver/Src/stm32l4xx_hal_rcc_ex.o
                                      0xfdecf (size before relaxing)
 .debug_str     0x00000000001016a9      0xdba Drivers/STM32L4xx_HAL_Driver/Src/stm32l4xx_hal_tim.o
                                      0xfea04 (size before relaxing)
 .debug_str     0x0000000000102463      0x61c Drivers/STM32L4xx_HAL_Driver/Src/stm32l4xx_hal_tim_ex.o
                                      0xfe2f8 (size before relaxing)
 .debug_str     0x0000000000102a7f      0x840 Drivers/STM32L4xx_HAL_Driver/Src/stm32l4xx_hal_uart.o
                                      0xfe333 (size before relaxing)

.comment        0x0000000000000000       0x7b
 .comment       0x0000000000000000       0x7b Core/Src/InputsHandler.o
                                         0x7c (size before relaxing)
 .comment       0x000000000000007b       0x7c Core/Src/MotorController.o
 .comment       0x000000000000007b       0x7c Core/Src/TaskScheduler.o
 .comment       0x000000000000007b       0x7c Core/Src/main.o
 .comment       0x000000000000007b       0x7c Core/Src/stm32l4xx_hal_msp.o
 .comment       0x000000000000007b       0x7c Core/Src/stm32l4xx_it.o
 .comment       0x000000000000007b       0x7c Core/Src/system_stm32l4xx.o
 .comment       0x000000000000007b       0x7c Drivers/STM32L4xx_HAL_Driver/Src/stm32l4xx_hal.o
 .comment       0x000000000000007b       0x7c Drivers/STM32L4xx_HAL_Driver/Src/stm32l4xx_hal_adc.o
 .comment       0x000000000000007b       0x7c Drivers/STM32L4xx_HAL_Driver/Src/stm32l4xx_hal_adc_ex.o
 .comment       0x000000000000007b       0x7c Drivers/STM32L4xx_HAL_Driver/Src/stm32l4xx_hal_cortex.o
 .comment       0x000000000000007b       0x7c Drivers/STM32L4xx_HAL_Driver/Src/stm32l4xx_hal_dma.o
 .comment       0x000000000000007b       0x7c Drivers/STM32L4xx_HAL_Driver/Src/stm32l4xx_hal_gpio.o
 .comment       0x000000000000007b       0x7c Drivers/STM32L4xx_HAL_Driver/Src/stm32l4xx_hal_pwr_ex.o
 .comment       0x000000000000007b       0x7c Drivers/STM32L4xx_HAL_Driver/Src/stm32l4xx_hal_rcc.o
 .comment       0x000000000000007b       0x7c Drivers/STM32L4xx_HAL_Driver/Src/stm32l4xx_hal_rcc_ex.o
 .comment       0x000000000000007b       0x7c Drivers/STM32L4xx_HAL_Driver/Src/stm32l4xx_hal_tim.o
 .comment       0x000000000000007b       0x7c Drivers/STM32L4xx_HAL_Driver/Src/stm32l4xx_hal_tim_ex.o
 .comment       0x000000000000007b       0x7c Drivers/STM32L4xx_HAL_Driver/Src/stm32l4xx_hal_uart.o

.debug_frame    0x0000000000000000     0x5138
 .debug_frame   0x0000000000000000       0x48 Core/Src/InputsHandler.o
 .debug_frame   0x0000000000000048       0xd4 Core/Src/MotorController.o
 .debug_frame   0x000000000000011c       0x70 Core/Src/TaskScheduler.o
 .debug_frame   0x000000000000018c      0x144 Core/Src/main.o
 .debug_frame   0x00000000000002d0      0x184 Core/Src/stm32l4xx_hal_msp.o
 .debug_frame   0x0000000000000454      0x144 Core/Src/stm32l4xx_it.o
 .debug_frame   0x0000000000000598       0x58 Core/Src/system_stm32l4xx.o
 .debug_frame   0x00000000000005f0      0x498 Drivers/STM32L4xx_HAL_Driver/Src/stm32l4xx_hal.o
 .debug_frame   0x0000000000000a88      0xa04 Drivers/STM32L4xx_HAL_Driver/Src/stm32l4xx_hal_adc.o
 .debug_frame   0x000000000000148c      0x7a4 Drivers/STM32L4xx_HAL_Driver/Src/stm32l4xx_hal_adc_ex.o
 .debug_frame   0x0000000000001c30      0x498 Drivers/STM32L4xx_HAL_Driver/Src/stm32l4xx_hal_cortex.o
 .debug_frame   0x00000000000020c8      0x204 Drivers/STM32L4xx_HAL_Driver/Src/stm32l4xx_hal_dma.o
 .debug_frame   0x00000000000022cc      0x14c Drivers/STM32L4xx_HAL_Driver/Src/stm32l4xx_hal_gpio.o
 .debug_frame   0x0000000000002418      0x544 Drivers/STM32L4xx_HAL_Driver/Src/stm32l4xx_hal_pwr_ex.o
 .debug_frame   0x000000000000295c      0x1f4 Drivers/STM32L4xx_HAL_Driver/Src/stm32l4xx_hal_rcc.o
 .debug_frame   0x0000000000002b50      0x2fc Drivers/STM32L4xx_HAL_Driver/Src/stm32l4xx_hal_rcc_ex.o
 .debug_frame   0x0000000000002e4c     0x121c Drivers/STM32L4xx_HAL_Driver/Src/stm32l4xx_hal_tim.o
 .debug_frame   0x0000000000004068      0x6b0 Drivers/STM32L4xx_HAL_Driver/Src/stm32l4xx_hal_tim_ex.o
 .debug_frame   0x0000000000004718      0x974 Drivers/STM32L4xx_HAL_Driver/Src/stm32l4xx_hal_uart.o
 .debug_frame   0x000000000000508c       0x2c c:/st/stm32cubeide_1.1.0/stm32cubeide/plugins/com.st.stm32cube.ide.mcu.externaltools.gnu-tools-for-stm32.7-2018-q2-update.win32_1.4.0.202007081208/tools/bin/../lib/gcc/arm-none-eabi/7.3.1/../../../../arm-none-eabi/lib/thumb/v7e-m/fpv4-sp/hard\libc_nano.a(lib_a-init.o)
 .debug_frame   0x00000000000050b8       0x20 c:/st/stm32cubeide_1.1.0/stm32cubeide/plugins/com.st.stm32cube.ide.mcu.externaltools.gnu-tools-for-stm32.7-2018-q2-update.win32_1.4.0.202007081208/tools/bin/../lib/gcc/arm-none-eabi/7.3.1/../../../../arm-none-eabi/lib/thumb/v7e-m/fpv4-sp/hard\libc_nano.a(lib_a-memset.o)
 .debug_frame   0x00000000000050d8       0x2c c:/st/stm32cubeide_1.1.0/stm32cubeide/plugins/com.st.stm32cube.ide.mcu.externaltools.gnu-tools-for-stm32.7-2018-q2-update.win32_1.4.0.202007081208/tools/bin/../lib/gcc/arm-none-eabi/7.3.1/thumb/v7e-m/fpv4-sp/hard\libgcc.a(_aeabi_uldivmod.o)
 .debug_frame   0x0000000000005104       0x34 c:/st/stm32cubeide_1.1.0/stm32cubeide/plugins/com.st.stm32cube.ide.mcu.externaltools.gnu-tools-for-stm32.7-2018-q2-update.win32_1.4.0.202007081208/tools/bin/../lib/gcc/arm-none-eabi/7.3.1/thumb/v7e-m/fpv4-sp/hard\libgcc.a(_udivmoddi4.o)
